
SQL> create table shop(ID number,Name varchar(10),Address varchar(10),status num
ber););
create table shop(ID number,Name varchar(10),Address varchar(10),status number);
)
                                                                               *

ERROR at line 1:
ORA-00911: invalid character


SQL> create table shop(ID number,Name varchar(10),Address varchar(10),status num
ber);

Table created.

SQL> insert into shop values(1. ,'Watch','Dhule',0);

1 row created.

SQL> insert into shop values(2. ,'Shoes','Dhule',1);

1 row created.

SQL> insert into shop values(3. ,'Shoes','shirpur',1);

1 row created.

SQL> insert into shop values(4. ,'MobilePhones','shirpur',0);
insert into shop values(4. ,'MobilePhones','shirpur',0)
                            *
ERROR at line 1:
ORA-12899: value too large for column "SYSTEM"."SHOP"."NAME" (actual: 12,
maximum: 10)


SQL> insert into shop values(4. ,'Mobile','shirpur',0);

1 row created.

SQL> insert into shop values(5. ,'Mobile','Dondaicha',1);

1 row created.

SQL> insert into shop values(6. ,'Mobile','Dondaicha',0);

1 row created.

SQL> insert into shop values(7. ,'Watch','Dondaicha',0);

1 row created.

SQL> insert into shop values(7. ,'Watch','Dondaicha',1);

1 row created.

SQL> insert into shop values(7. ,'Watch','Dondaicha',1);

1 row created.

SQL> select * from shop;

        ID NAME       ADDRESS        STATUS
---------- ---------- ---------- ----------
         1 Watch      Dhule               0
         2 Shoes      Dhule               1
         3 Shoes      shirpur             1
         4 Mobile     shirpur             0
         5 Mobile     Dondaicha           1
         6 Mobile     Dondaicha           0
         7 Watch      Dondaicha           0
         7 Watch      Dondaicha           1
         7 Watch      Dondaicha           1

9 rows selected.

SQL> update shop set status=8 where name=Watch;
update shop set status=8 where name=Watch
                                    *
ERROR at line 1:
ORA-00904: "WATCH": invalid identifier


SQL> update shop set status=1 where name=Watch;
update shop set status=1 where name=Watch
                                    *
ERROR at line 1:
ORA-00904: "WATCH": invalid identifier


SQL> update shop set status=1 where NAME=Watch;
update shop set status=1 where NAME=Watch
                                    *
ERROR at line 1:
ORA-00904: "WATCH": invalid identifier


SQL> update shop set id=7 where id=8;

0 rows updated.

SQL> update shop set id=7 where id=8;

0 rows updated.

SQL> update shop set id=8 where id=7;

3 rows updated.

SQL> update shop set status=1 where NAME=Watch;
update shop set status=1 where NAME=Watch
                                    *
ERROR at line 1:
ORA-00904: "WATCH": invalid identifier


SQL> update shop set STATUS=1 where NAME=Watch;
update shop set STATUS=1 where NAME=Watch
                                    *
ERROR at line 1:
ORA-00904: "WATCH": invalid identifier


SQL> update shop set STATUS=1 where NAME='Watch';

4 rows updated.

SQL> select * from shop;

        ID NAME       ADDRESS        STATUS
---------- ---------- ---------- ----------
         1 Watch      Dhule               1
         2 Shoes      Dhule               1
         3 Shoes      shirpur             1
         4 Mobile     shirpur             0
         5 Mobile     Dondaicha           1
         6 Mobile     Dondaicha           0
         8 Watch      Dondaicha           1
         8 Watch      Dondaicha           1
         8 Watch      Dondaicha           1

9 rows selected.

SQL>
SQL>